AR one_bit_adder struct D:/vhdl_github_2/cop2/Processor_ISE/one_bit_adder.vhd sub00/vhpl01 1672339470
EN set_less_module NULL D:/vhdl_github_2/cop2/Processor_ISE/set_less_module.vhd sub00/vhpl38 1672339507
AR register_file behavioral D:/vhdl_github_2/cop2/Processor_ISE/register_file.vhd sub00/vhpl73 1672339542
EN mux_alu NULL D:/vhdl_github_2/cop2/Processor_ISE/mux_alu.vhd sub00/vhpl86 1672339555
EN xor_bit NULL D:/vhdl_github_2/cop2/Processor_ISE/xor_bit.vhd sub00/vhpl32 1672339501
EN demux NULL D:/vhdl_github_2/cop2/Processor_ISE/demux.vhd sub00/vhpl42 1672339511
EN four_bit_adder NULL D:/vhdl_github_2/cop2/Processor_ISE/four_bit_adder.vhd sub00/vhpl04 1672339473
EN adder NULL D:/vhdl_github_2/cop2/Processor_ISE/Adder.vhd sub00/vhpl20 1672339489
AR add_enable behavioral D:/vhdl_github_2/cop2/Processor_ISE/add_enable.vhd sub00/vhpl11 1672339480
EN jump_mux NULL D:/vhdl_github_2/cop2/Processor_ISE/jump_mux.vhd sub00/vhpl58 1672339527
AR mult behavioral D:/vhdl_github_2/cop2/Processor_ISE/MUlT.vhd sub00/vhpl25 1672339494
EN shift_left_module NULL D:/vhdl_github_2/cop2/Processor_ISE/shift_left_module.vhd sub00/vhpl34 1672339503
AR jump_mux behavioral D:/vhdl_github_2/cop2/Processor_ISE/jump_mux.vhd sub00/vhpl59 1672339528
EN counter_module NULL D:/vhdl_github_2/cop2/Processor_ISE/counter_module.vhd sub00/vhpl44 1672339513
EN two_complement NULL D:/vhdl_github_2/cop2/Processor_ISE/two_complement.vhd sub00/vhpl12 1672339481
AR or_bit behavioral D:/vhdl_github_2/cop2/Processor_ISE/or_bit.vhd sub00/vhpl31 1672339500
AR add_pc behavioral D:/vhdl_github_2/cop2/Processor_ISE/add_pc.vhd sub00/vhpl47 1672339516
AR adder_16 behavioral D:/vhdl_github_2/cop2/Processor_ISE/adder-16.vhd sub00/vhpl15 1672339484
EN enable_demux_bus NULL D:/vhdl_github_2/cop2/Processor_ISE/enable_demux_bus.vhd sub00/vhpl40 1672339509
AR processor behavioral D:/vhdl_github_2/cop2/Processor_ISE/processor.vhd sub00/vhpl93 1672339562
EN mult NULL D:/vhdl_github_2/cop2/Processor_ISE/MUlT.vhd sub00/vhpl24 1672339493
AR two_bit_adder st1 D:/vhdl_github_2/cop2/Processor_ISE/Two_bit_adder.vhd sub00/vhpl03 1672339472
AR set_less_module behavioral D:/vhdl_github_2/cop2/Processor_ISE/set_less_module.vhd sub00/vhpl39 1672339508
AR mem_addr_helper behavioral D:/vhdl_github_2/cop2/Processor_ISE/mem_addr_helper.vhd sub00/vhpl79 1672339548
AR control_unit behavioral D:/vhdl_github_2/cop2/Processor_ISE/Control_Unit.vhd sub00/vhpl75 1672339544
EN shift_left_2 NULL D:/vhdl_github_2/cop2/Processor_ISE/shift_left_2.vhd sub00/vhpl50 1672339519
AR divider_module behavioral D:/vhdl_github_2/cop2/Processor_ISE/Divider_module.vhd sub00/vhpl27 1672339496
EN two_bit_adder NULL D:/vhdl_github_2/cop2/Processor_ISE/Two_bit_adder.vhd sub00/vhpl02 1672339471
AR shift_right_module behavioral D:/vhdl_github_2/cop2/Processor_ISE/Shift_right_module.vhd sub00/vhpl37 1672339506
EN add_branch NULL D:/vhdl_github_2/cop2/Processor_ISE/add_branch.vhd sub00/vhpl48 1672339517
EN alu_control NULL D:/vhdl_github_2/cop2/Processor_ISE/alu_control.vhd sub00/vhpl80 1672339549
EN shift_right_module NULL D:/vhdl_github_2/cop2/Processor_ISE/Shift_right_module.vhd sub00/vhpl36 1672339505
AR pc_main behavioral D:/vhdl_github_2/cop2/Processor_ISE/pc_main.vhd sub00/vhpl61 1672339530
AR adder_8bit behavioral D:/vhdl_github_2/cop2/Processor_ISE/adder_8bit.vhd sub00/vhpl07 1672339476
EN mux_mem NULL D:/vhdl_github_2/cop2/Processor_ISE/mux_mem.vhd sub00/vhpl84 1672339553
EN dot_mux_module NULL D:/vhdl_github_2/cop2/Processor_ISE/dot_mux_module.vhd sub00/vhpl88 1672339557
AR mux_mem behavioral D:/vhdl_github_2/cop2/Processor_ISE/mux_mem.vhd sub00/vhpl85 1672339554
AR dot_mux_module behavioral D:/vhdl_github_2/cop2/Processor_ISE/dot_mux_module.vhd sub00/vhpl89 1672339558
AR two_complement behavioral D:/vhdl_github_2/cop2/Processor_ISE/two_complement.vhd sub00/vhpl13 1672339482
EN pc_mux NULL D:/vhdl_github_2/cop2/Processor_ISE/pc_mux.vhd sub00/vhpl56 1672339525
EN multiplier NULL D:/vhdl_github_2/cop2/Processor_ISE/multiplier.vhd sub00/vhpl18 1672339487
AR add_branch behavioral D:/vhdl_github_2/cop2/Processor_ISE/add_branch.vhd sub00/vhpl49 1672339518
AR alu_control behavioral D:/vhdl_github_2/cop2/Processor_ISE/alu_control.vhd sub00/vhpl81 1672339550
EN one_bit_adder NULL D:/vhdl_github_2/cop2/Processor_ISE/one_bit_adder.vhd sub00/vhpl00 1672339469
EN pc_main NULL D:/vhdl_github_2/cop2/Processor_ISE/pc_main.vhd sub00/vhpl60 1672339529
AR xor_bit behavioral D:/vhdl_github_2/cop2/Processor_ISE/xor_bit.vhd sub00/vhpl33 1672339502
AR demux behavioral D:/vhdl_github_2/cop2/Processor_ISE/demux.vhd sub00/vhpl43 1672339512
AR register_dot behavioral D:/vhdl_github_2/cop2/Processor_ISE/Register_Dot.vhd sub00/vhpl17 1672339486
EN and_bit NULL D:/vhdl_github_2/cop2/Processor_ISE/AND.vhd sub00/vhpl28 1672339497
AR memory_block_module memory_block_module_a D:/vhdl_github_2/cop2/Processor_ISE/memory_block_module.vhd sub00/vhpl83 1672339552
EN memory_block_module NULL D:/vhdl_github_2/cop2/Processor_ISE/memory_block_module.vhd sub00/vhpl82 1672339551
EN dot_prod_module NULL D:/vhdl_github_2/cop2/Processor_ISE/Dot_prod_module.vhd sub00/vhpl90 1672339559
AR mux_alu behavioral D:/vhdl_github_2/cop2/Processor_ISE/mux_alu.vhd sub00/vhpl87 1672339556
AR shift_left_module behavioral D:/vhdl_github_2/cop2/Processor_ISE/shift_left_module.vhd sub00/vhpl35 1672339504
AR zero_m behavioral D:/vhdl_github_2/cop2/Processor_ISE/zero_m.vhd sub00/vhpl53 1672339522
EN pc_main_helper NULL D:/vhdl_github_2/cop2/Processor_ISE/pc_main_helper.vhd sub00/vhpl62 1672339531
EN add_enable NULL D:/vhdl_github_2/cop2/Processor_ISE/add_enable.vhd sub00/vhpl10 1672339479
AR instruction_block_module instruction_block_module_a D:/vhdl_github_2/cop2/Processor_ISE/instruction_block_module.vhd sub00/vhpl67 1672339536
EN register_file NULL D:/vhdl_github_2/cop2/Processor_ISE/register_file.vhd sub00/vhpl72 1672339541
AR pc_main_helper behavioral D:/vhdl_github_2/cop2/Processor_ISE/pc_main_helper.vhd sub00/vhpl63 1672339532
EN processor NULL D:/vhdl_github_2/cop2/Processor_ISE/processor.vhd sub00/vhpl92 1672339561
AR multiplier behavioral D:/vhdl_github_2/cop2/Processor_ISE/multiplier.vhd sub00/vhpl19 1672339488
EN adder_8bit NULL D:/vhdl_github_2/cop2/Processor_ISE/adder_8bit.vhd sub00/vhpl06 1672339475
EN branch_and NULL D:/vhdl_github_2/cop2/Processor_ISE/branch_and.vhd sub00/vhpl54 1672339523
AR sign_extend behavioral D:/vhdl_github_2/cop2/Processor_ISE/sign_extend.vhd sub00/vhpl69 1672339538
AR div1 behavioral D:/vhdl_github_2/cop2/Processor_ISE/div1.vhd sub00/vhpl09 1672339478
EN divider_module NULL D:/vhdl_github_2/cop2/Processor_ISE/Divider_module.vhd sub00/vhpl26 1672339495
EN jump_shift_left_2 NULL D:/vhdl_github_2/cop2/Processor_ISE/jump_shift_left_2.vhd sub00/vhpl64 1672339533
EN div1 NULL D:/vhdl_github_2/cop2/Processor_ISE/div1.vhd sub00/vhpl08 1672339477
AR and_bit behavioral D:/vhdl_github_2/cop2/Processor_ISE/AND.vhd sub00/vhpl29 1672339498
EN adder_16 NULL D:/vhdl_github_2/cop2/Processor_ISE/adder-16.vhd sub00/vhpl14 1672339483
AR pc_mux behavioral D:/vhdl_github_2/cop2/Processor_ISE/pc_mux.vhd sub00/vhpl57 1672339526
AR jump_shift_left_2 behavioral D:/vhdl_github_2/cop2/Processor_ISE/jump_shift_left_2.vhd sub00/vhpl65 1672339534
EN zero_m NULL D:/vhdl_github_2/cop2/Processor_ISE/zero_m.vhd sub00/vhpl52 1672339521
EN adder_32 NULL D:/vhdl_github_2/cop2/Processor_ISE/adder_32.vhd sub00/vhpl22 1672339491
EN sign_extend NULL D:/vhdl_github_2/cop2/Processor_ISE/sign_extend.vhd sub00/vhpl68 1672339537
AR adder behavioral D:/vhdl_github_2/cop2/Processor_ISE/Adder.vhd sub00/vhpl21 1672339490
AR alu behavioral D:/vhdl_github_2/cop2/Processor_ISE/alu.vhd sub00/vhpl77 1672339546
AR branch_and behavioral D:/vhdl_github_2/cop2/Processor_ISE/branch_and.vhd sub00/vhpl55 1672339524
AR shift_left_2 behavioral D:/vhdl_github_2/cop2/Processor_ISE/shift_left_2.vhd sub00/vhpl51 1672339520
EN control_unit NULL D:/vhdl_github_2/cop2/Processor_ISE/Control_Unit.vhd sub00/vhpl74 1672339543
AR mux_reg behavioral D:/vhdl_github_2/cop2/Processor_ISE/mux_reg.vhd sub00/vhpl71 1672339540
EN instruction_block_module NULL D:/vhdl_github_2/cop2/Processor_ISE/instruction_block_module.vhd sub00/vhpl66 1672339535
AR enable_demux_bus behavioral D:/vhdl_github_2/cop2/Processor_ISE/enable_demux_bus.vhd sub00/vhpl41 1672339510
AR counter_module behavioral D:/vhdl_github_2/cop2/Processor_ISE/counter_module.vhd sub00/vhpl45 1672339514
AR four_bit_adder behavioral D:/vhdl_github_2/cop2/Processor_ISE/four_bit_adder.vhd sub00/vhpl05 1672339474
EN add_pc NULL D:/vhdl_github_2/cop2/Processor_ISE/add_pc.vhd sub00/vhpl46 1672339515
AR adder_32 behavioral D:/vhdl_github_2/cop2/Processor_ISE/adder_32.vhd sub00/vhpl23 1672339492
EN mem_addr_helper NULL D:/vhdl_github_2/cop2/Processor_ISE/mem_addr_helper.vhd sub00/vhpl78 1672339547
AR dot_prod_module behavioral D:/vhdl_github_2/cop2/Processor_ISE/Dot_prod_module.vhd sub00/vhpl91 1672339560
EN register_dot NULL D:/vhdl_github_2/cop2/Processor_ISE/Register_Dot.vhd sub00/vhpl16 1672339485
EN mux_reg NULL D:/vhdl_github_2/cop2/Processor_ISE/mux_reg.vhd sub00/vhpl70 1672339539
EN alu NULL D:/vhdl_github_2/cop2/Processor_ISE/alu.vhd sub00/vhpl76 1672339545
EN or_bit NULL D:/vhdl_github_2/cop2/Processor_ISE/or_bit.vhd sub00/vhpl30 1672339499
