V3 187
FL D:/vhdl_github_2/cop2/Processor_ISE/adder-16.vhd 2022/10/28.21:12:28 P.15xf
EN work/adder_16 1672339483 FL D:/vhdl_github_2/cop2/Processor_ISE/adder-16.vhd \
      PB ieee/std_logic_1164 1335251622
AR work/adder_16/Behavioral 1672339484 \
      FL D:/vhdl_github_2/cop2/Processor_ISE/adder-16.vhd EN work/adder_16 1672339483 \
      CP adder_8bit
FL D:/vhdl_github_2/cop2/Processor_ISE/Adder.vhd 2022/12/20.19:53:42 P.15xf
EN work/Adder 1672339489 FL D:/vhdl_github_2/cop2/Processor_ISE/Adder.vhd \
      PB ieee/std_logic_1164 1335251622 PB ieee/NUMERIC_STD 1335251627
AR work/Adder/Behavioral 1672339490 \
      FL D:/vhdl_github_2/cop2/Processor_ISE/Adder.vhd EN work/Adder 1672339489
FL D:/vhdl_github_2/cop2/Processor_ISE/adder_32.vhd 2022/11/11.20:49:38 P.15xf
EN work/adder_32 1672339491 FL D:/vhdl_github_2/cop2/Processor_ISE/adder_32.vhd \
      PB ieee/std_logic_1164 1335251622
AR work/adder_32/Behavioral 1672339492 \
      FL D:/vhdl_github_2/cop2/Processor_ISE/adder_32.vhd EN work/adder_32 1672339491 \
      CP add_enable CP two_complement CP adder_16
FL D:/vhdl_github_2/cop2/Processor_ISE/adder_8bit.vhd 2022/10/28.20:50:46 P.15xf
EN work/adder_8bit 1672339475 \
      FL D:/vhdl_github_2/cop2/Processor_ISE/adder_8bit.vhd \
      PB ieee/std_logic_1164 1335251622
AR work/adder_8bit/Behavioral 1672339476 \
      FL D:/vhdl_github_2/cop2/Processor_ISE/adder_8bit.vhd EN work/adder_8bit 1672339475 \
      CP four_bit_adder
FL D:/vhdl_github_2/cop2/Processor_ISE/add_branch.vhd 2022/11/13.12:22:48 P.15xf
EN work/add_branch 1672339517 \
      FL D:/vhdl_github_2/cop2/Processor_ISE/add_branch.vhd \
      PB ieee/std_logic_1164 1335251622 PB ieee/NUMERIC_STD 1335251627 \
      PB ieee/STD_LOGIC_UNSIGNED 1335251625
AR work/add_branch/Behavioral 1672339518 \
      FL D:/vhdl_github_2/cop2/Processor_ISE/add_branch.vhd EN work/add_branch 1672339517
FL D:/vhdl_github_2/cop2/Processor_ISE/add_enable.vhd 2022/11/11.20:47:40 P.15xf
EN work/add_enable 1672339479 \
      FL D:/vhdl_github_2/cop2/Processor_ISE/add_enable.vhd \
      PB ieee/std_logic_1164 1335251622
AR work/add_enable/Behavioral 1672339480 \
      FL D:/vhdl_github_2/cop2/Processor_ISE/add_enable.vhd EN work/add_enable 1672339479
FL D:/vhdl_github_2/cop2/Processor_ISE/add_pc.vhd 2022/12/28.19:14:12 P.15xf
EN work/add_pc 1672339515 FL D:/vhdl_github_2/cop2/Processor_ISE/add_pc.vhd \
      PB ieee/std_logic_1164 1335251622 PB ieee/NUMERIC_STD 1335251627 \
      PB ieee/STD_LOGIC_UNSIGNED 1335251625
AR work/add_pc/Behavioral 1672339516 \
      FL D:/vhdl_github_2/cop2/Processor_ISE/add_pc.vhd EN work/add_pc 1672339515
FL D:/vhdl_github_2/cop2/Processor_ISE/alu.vhd 2022/12/28.01:18:50 P.15xf
EN work/alu 1672339545 FL D:/vhdl_github_2/cop2/Processor_ISE/alu.vhd \
      PB ieee/std_logic_1164 1335251622 PB ieee/NUMERIC_STD 1335251627 \
      PB ieee/STD_LOGIC_UNSIGNED 1335251625
AR work/alu/Behavioral 1672339546 \
      FL D:/vhdl_github_2/cop2/Processor_ISE/alu.vhd EN work/alu 1672339545 \
      CP adder_32 CP MUlT CP Divider_module CP and_bit CP or_bit CP xor_bit \
      CP shift_left_module CP shift_right_module CP set_less_module \
      CP enable_demux_bus CP demux
FL D:/vhdl_github_2/cop2/Processor_ISE/alu_control.vhd 2022/12/28.19:27:26 P.15xf
EN work/alu_control 1672339549 \
      FL D:/vhdl_github_2/cop2/Processor_ISE/alu_control.vhd \
      PB ieee/std_logic_1164 1335251622
AR work/alu_control/Behavioral 1672339550 \
      FL D:/vhdl_github_2/cop2/Processor_ISE/alu_control.vhd EN work/alu_control 1672339549
FL D:/vhdl_github_2/cop2/Processor_ISE/AND.vhd 2022/10/29.08:48:02 P.15xf
EN work/and_bit 1672339497 FL D:/vhdl_github_2/cop2/Processor_ISE/AND.vhd \
      PB ieee/std_logic_1164 1335251622
AR work/and_bit/Behavioral 1672339498 \
      FL D:/vhdl_github_2/cop2/Processor_ISE/AND.vhd EN work/and_bit 1672339497
FL D:/vhdl_github_2/cop2/Processor_ISE/branch_and.vhd 2022/11/13.12:51:38 P.15xf
EN work/branch_and 1672339523 \
      FL D:/vhdl_github_2/cop2/Processor_ISE/branch_and.vhd \
      PB ieee/std_logic_1164 1335251622
AR work/branch_and/Behavioral 1672339524 \
      FL D:/vhdl_github_2/cop2/Processor_ISE/branch_and.vhd EN work/branch_and 1672339523
FL D:/vhdl_github_2/cop2/Processor_ISE/Control_Unit.vhd 2022/12/28.23:11:39 P.15xf
EN work/Control_Unit 1672339543 \
      FL D:/vhdl_github_2/cop2/Processor_ISE/Control_Unit.vhd \
      PB ieee/std_logic_1164 1335251622 PB ieee/NUMERIC_STD 1335251627
AR work/Control_Unit/Behavioral 1672339544 \
      FL D:/vhdl_github_2/cop2/Processor_ISE/Control_Unit.vhd \
      EN work/Control_Unit 1672339543 CP counter_module
FL D:/vhdl_github_2/cop2/Processor_ISE/counter_module.vhd 2022/12/27.21:37:20 P.15xf
EN work/counter_module 1672339513 \
      FL D:/vhdl_github_2/cop2/Processor_ISE/counter_module.vhd \
      PB ieee/std_logic_1164 1335251622 PB ieee/STD_LOGIC_UNSIGNED 1335251625 \
      PB ieee/NUMERIC_STD 1335251627
AR work/counter_module/Behavioral 1672339514 \
      FL D:/vhdl_github_2/cop2/Processor_ISE/counter_module.vhd \
      EN work/counter_module 1672339513
FL D:/vhdl_github_2/cop2/Processor_ISE/demux.vhd 2022/12/11.18:43:22 P.15xf
EN work/demux 1672339511 FL D:/vhdl_github_2/cop2/Processor_ISE/demux.vhd \
      PB ieee/std_logic_1164 1335251622 PB ieee/NUMERIC_STD 1335251627
AR work/demux/Behavioral 1672339512 \
      FL D:/vhdl_github_2/cop2/Processor_ISE/demux.vhd EN work/demux 1672339511
FL D:/vhdl_github_2/cop2/Processor_ISE/div1.vhd 2022/12/27.03:42:02 P.15xf
EN work/div1 1672339477 FL D:/vhdl_github_2/cop2/Processor_ISE/div1.vhd \
      PB ieee/std_logic_1164 1335251622 PB ieee/STD_LOGIC_UNSIGNED 1335251625
AR work/div1/Behavioral 1672339478 \
      FL D:/vhdl_github_2/cop2/Processor_ISE/div1.vhd EN work/div1 1672339477
FL D:/vhdl_github_2/cop2/Processor_ISE/Divider_module.vhd 2022/12/21.21:03:56 P.15xf
EN work/Divider_module 1672339495 \
      FL D:/vhdl_github_2/cop2/Processor_ISE/Divider_module.vhd \
      PB ieee/std_logic_1164 1335251622 PB ieee/NUMERIC_STD 1335251627 \
      PB ieee/STD_LOGIC_UNSIGNED 1335251625
AR work/Divider_module/Behavioral 1672339496 \
      FL D:/vhdl_github_2/cop2/Processor_ISE/Divider_module.vhd \
      EN work/Divider_module 1672339495 CP div1
FL D:/vhdl_github_2/cop2/Processor_ISE/dot_mux_module.vhd 2022/12/25.16:16:00 P.15xf
EN work/dot_mux_module 1672339557 \
      FL D:/vhdl_github_2/cop2/Processor_ISE/dot_mux_module.vhd \
      PB ieee/std_logic_1164 1335251622
AR work/dot_mux_module/Behavioral 1672339558 \
      FL D:/vhdl_github_2/cop2/Processor_ISE/dot_mux_module.vhd \
      EN work/dot_mux_module 1672339557
FL D:/vhdl_github_2/cop2/Processor_ISE/Dot_prod_module.vhd 2022/12/25.14:53:42 P.15xf
EN work/Dot_prod_module 1672339559 \
      FL D:/vhdl_github_2/cop2/Processor_ISE/Dot_prod_module.vhd \
      PB ieee/std_logic_1164 1335251622
AR work/Dot_prod_module/Behavioral 1672339560 \
      FL D:/vhdl_github_2/cop2/Processor_ISE/Dot_prod_module.vhd \
      EN work/Dot_prod_module 1672339559 CP Register_Dot CP multiplier CP Adder
FL D:/vhdl_github_2/cop2/Processor_ISE/enable_demux_bus.vhd 2022/11/12.08:44:48 P.15xf
EN work/enable_demux_bus 1672339509 \
      FL D:/vhdl_github_2/cop2/Processor_ISE/enable_demux_bus.vhd \
      PB ieee/std_logic_1164 1335251622
AR work/enable_demux_bus/Behavioral 1672339510 \
      FL D:/vhdl_github_2/cop2/Processor_ISE/enable_demux_bus.vhd \
      EN work/enable_demux_bus 1672339509
FL D:/vhdl_github_2/cop2/Processor_ISE/four_bit_adder.vhd 2022/05/30.11:10:14 P.15xf
EN work/four_bit_adder 1672339473 \
      FL D:/vhdl_github_2/cop2/Processor_ISE/four_bit_adder.vhd \
      PB ieee/std_logic_1164 1335251622
AR work/four_bit_adder/Behavioral 1672339474 \
      FL D:/vhdl_github_2/cop2/Processor_ISE/four_bit_adder.vhd \
      EN work/four_bit_adder 1672339473 CP Two_bit_adder
FL D:/vhdl_github_2/cop2/Processor_ISE/instruction_block_module.vhd 2022/12/28.23:20:53 P.15xf
EN work/instruction_block_module 1672339535 \
      FL D:/vhdl_github_2/cop2/Processor_ISE/instruction_block_module.vhd \
      PB ieee/std_logic_1164 1335251622
AR work/instruction_block_module/instruction_block_module_a 1672339536 \
      FL D:/vhdl_github_2/cop2/Processor_ISE/instruction_block_module.vhd \
      EN work/instruction_block_module 1672339535
FL D:/vhdl_github_2/cop2/Processor_ISE/jump_mux.vhd 2022/12/20.22:33:52 P.15xf
EN work/jump_mux 1672339527 FL D:/vhdl_github_2/cop2/Processor_ISE/jump_mux.vhd \
      PB ieee/std_logic_1164 1335251622
AR work/jump_mux/Behavioral 1672339528 \
      FL D:/vhdl_github_2/cop2/Processor_ISE/jump_mux.vhd EN work/jump_mux 1672339527
FL D:/vhdl_github_2/cop2/Processor_ISE/jump_shift_left_2.vhd 2022/12/21.18:05:44 P.15xf
EN work/jump_shift_left_2 1672339533 \
      FL D:/vhdl_github_2/cop2/Processor_ISE/jump_shift_left_2.vhd \
      PB ieee/std_logic_1164 1335251622
AR work/jump_shift_left_2/Behavioral 1672339534 \
      FL D:/vhdl_github_2/cop2/Processor_ISE/jump_shift_left_2.vhd \
      EN work/jump_shift_left_2 1672339533
FL D:/vhdl_github_2/cop2/Processor_ISE/memory_block_module.vhd 2022/12/28.19:04:09 P.15xf
EN work/memory_block_module 1672339551 \
      FL D:/vhdl_github_2/cop2/Processor_ISE/memory_block_module.vhd \
      PB ieee/std_logic_1164 1335251622
AR work/memory_block_module/memory_block_module_a 1672339552 \
      FL D:/vhdl_github_2/cop2/Processor_ISE/memory_block_module.vhd \
      EN work/memory_block_module 1672339551
FL D:/vhdl_github_2/cop2/Processor_ISE/mem_addr_helper.vhd 2022/12/24.09:12:22 P.15xf
EN work/mem_addr_helper 1672339547 \
      FL D:/vhdl_github_2/cop2/Processor_ISE/mem_addr_helper.vhd \
      PB ieee/std_logic_1164 1335251622
AR work/mem_addr_helper/Behavioral 1672339548 \
      FL D:/vhdl_github_2/cop2/Processor_ISE/mem_addr_helper.vhd \
      EN work/mem_addr_helper 1672339547
FL D:/vhdl_github_2/cop2/Processor_ISE/MUlT.vhd 2022/12/19.05:27:06 P.15xf
EN work/MUlT 1672339493 FL D:/vhdl_github_2/cop2/Processor_ISE/MUlT.vhd \
      PB ieee/std_logic_1164 1335251622 PB ieee/NUMERIC_STD 1335251627 \
      PB ieee/STD_LOGIC_UNSIGNED 1335251625
AR work/MUlT/Behavioral 1672339494 \
      FL D:/vhdl_github_2/cop2/Processor_ISE/MUlT.vhd EN work/MUlT 1672339493
FL D:/vhdl_github_2/cop2/Processor_ISE/multiplier.vhd 2022/12/20.19:51:28 P.15xf
EN work/multiplier 1672339487 \
      FL D:/vhdl_github_2/cop2/Processor_ISE/multiplier.vhd \
      PB ieee/std_logic_1164 1335251622 PB ieee/NUMERIC_STD 1335251627
AR work/multiplier/Behavioral 1672339488 \
      FL D:/vhdl_github_2/cop2/Processor_ISE/multiplier.vhd EN work/multiplier 1672339487
FL D:/vhdl_github_2/cop2/Processor_ISE/mux_alu.vhd 2022/10/30.15:40:26 P.15xf
EN work/mux_alu 1672339555 FL D:/vhdl_github_2/cop2/Processor_ISE/mux_alu.vhd \
      PB ieee/std_logic_1164 1335251622
AR work/mux_alu/Behavioral 1672339556 \
      FL D:/vhdl_github_2/cop2/Processor_ISE/mux_alu.vhd EN work/mux_alu 1672339555
FL D:/vhdl_github_2/cop2/Processor_ISE/mux_mem.vhd 2022/12/25.00:20:18 P.15xf
EN work/mux_mem 1672339553 FL D:/vhdl_github_2/cop2/Processor_ISE/mux_mem.vhd \
      PB ieee/std_logic_1164 1335251622
AR work/mux_mem/Behavioral 1672339554 \
      FL D:/vhdl_github_2/cop2/Processor_ISE/mux_mem.vhd EN work/mux_mem 1672339553
FL D:/vhdl_github_2/cop2/Processor_ISE/mux_reg.vhd 2022/10/30.10:46:08 P.15xf
EN work/mux_reg 1672339539 FL D:/vhdl_github_2/cop2/Processor_ISE/mux_reg.vhd \
      PB ieee/std_logic_1164 1335251622
AR work/mux_reg/Behavioral 1672339540 \
      FL D:/vhdl_github_2/cop2/Processor_ISE/mux_reg.vhd EN work/mux_reg 1672339539
FL D:/vhdl_github_2/cop2/Processor_ISE/one_bit_adder.vhd 2022/05/29.11:54:24 P.15xf
EN work/one_bit_adder 1672339469 \
      FL D:/vhdl_github_2/cop2/Processor_ISE/one_bit_adder.vhd \
      PB ieee/std_logic_1164 1335251622
AR work/one_bit_adder/struct 1672339470 \
      FL D:/vhdl_github_2/cop2/Processor_ISE/one_bit_adder.vhd \
      EN work/one_bit_adder 1672339469
FL D:/vhdl_github_2/cop2/Processor_ISE/or_bit.vhd 2022/10/29.08:48:14 P.15xf
EN work/or_bit 1672339499 FL D:/vhdl_github_2/cop2/Processor_ISE/or_bit.vhd \
      PB ieee/std_logic_1164 1335251622
AR work/or_bit/Behavioral 1672339500 \
      FL D:/vhdl_github_2/cop2/Processor_ISE/or_bit.vhd EN work/or_bit 1672339499
FL D:/vhdl_github_2/cop2/Processor_ISE/pc_main.vhd 2022/12/27.21:43:02 P.15xf
EN work/pc_main 1672339529 FL D:/vhdl_github_2/cop2/Processor_ISE/pc_main.vhd \
      PB ieee/std_logic_1164 1335251622
AR work/pc_main/Behavioral 1672339530 \
      FL D:/vhdl_github_2/cop2/Processor_ISE/pc_main.vhd EN work/pc_main 1672339529
FL D:/vhdl_github_2/cop2/Processor_ISE/pc_main_helper.vhd 2022/12/22.20:25:00 P.15xf
EN work/pc_main_helper 1672339531 \
      FL D:/vhdl_github_2/cop2/Processor_ISE/pc_main_helper.vhd \
      PB ieee/std_logic_1164 1335251622
AR work/pc_main_helper/Behavioral 1672339532 \
      FL D:/vhdl_github_2/cop2/Processor_ISE/pc_main_helper.vhd \
      EN work/pc_main_helper 1672339531
FL D:/vhdl_github_2/cop2/Processor_ISE/pc_mux.vhd 2022/12/28.01:12:46 P.15xf
EN work/pc_mux 1672339525 FL D:/vhdl_github_2/cop2/Processor_ISE/pc_mux.vhd \
      PB ieee/std_logic_1164 1335251622
AR work/pc_mux/Behavioral 1672339526 \
      FL D:/vhdl_github_2/cop2/Processor_ISE/pc_mux.vhd EN work/pc_mux 1672339525
FL D:/vhdl_github_2/cop2/Processor_ISE/processor.vhd 2022/12/28.19:07:49 P.15xf
EN work/processor 1672339561 FL D:/vhdl_github_2/cop2/Processor_ISE/processor.vhd \
      PB ieee/std_logic_1164 1335251622
AR work/processor/Behavioral 1672339562 \
      FL D:/vhdl_github_2/cop2/Processor_ISE/processor.vhd EN work/processor 1672339561 \
      CP add_pc CP add_branch CP shift_left_2 CP zero_m CP branch_and CP pc_mux \
      CP jump_mux CP pc_main CP pc_main_helper CP jump_shift_left_2 \
      CP instruction_block_module CP sign_extend CP mux_reg CP register_file \
      CP Control_Unit CP alu CP mem_addr_helper CP alu_control \
      CP memory_block_module CP mux_mem CP mux_alu CP dot_mux_module \
      CP dot_prod_module
FL D:/vhdl_github_2/cop2/Processor_ISE/Register_Dot.vhd 2022/12/25.09:41:58 P.15xf
EN work/Register_Dot 1672339485 \
      FL D:/vhdl_github_2/cop2/Processor_ISE/Register_Dot.vhd \
      PB ieee/std_logic_1164 1335251622 PB std/TEXTIO 1335251621 \
      PB ieee/STD_LOGIC_TEXTIO 1335251626 PB ieee/NUMERIC_STD 1335251627 \
      PB ieee/STD_LOGIC_UNSIGNED 1335251625
AR work/Register_Dot/Behavioral 1672339486 \
      FL D:/vhdl_github_2/cop2/Processor_ISE/Register_Dot.vhd \
      EN work/Register_Dot 1672339485
FL D:/vhdl_github_2/cop2/Processor_ISE/register_file.vhd 2022/12/28.03:58:14 P.15xf
EN work/register_file 1672339541 \
      FL D:/vhdl_github_2/cop2/Processor_ISE/register_file.vhd \
      PB ieee/std_logic_1164 1335251622 PB ieee/STD_LOGIC_UNSIGNED 1335251625 \
      PB ieee/NUMERIC_STD 1335251627 PB ieee/STD_LOGIC_TEXTIO 1335251626 \
      PB std/TEXTIO 1335251621
AR work/register_file/Behavioral 1672339542 \
      FL D:/vhdl_github_2/cop2/Processor_ISE/register_file.vhd \
      EN work/register_file 1672339541
FL D:/vhdl_github_2/cop2/Processor_ISE/set_less_module.vhd 2022/12/12.16:07:00 P.15xf
EN work/set_less_module 1672339507 \
      FL D:/vhdl_github_2/cop2/Processor_ISE/set_less_module.vhd \
      PB ieee/std_logic_1164 1335251622 PB ieee/NUMERIC_STD 1335251627 \
      PB ieee/STD_LOGIC_UNSIGNED 1335251625
AR work/set_less_module/Behavioral 1672339508 \
      FL D:/vhdl_github_2/cop2/Processor_ISE/set_less_module.vhd \
      EN work/set_less_module 1672339507
FL D:/vhdl_github_2/cop2/Processor_ISE/shift_left_2.vhd 2022/12/24.20:30:56 P.15xf
EN work/shift_left_2 1672339519 \
      FL D:/vhdl_github_2/cop2/Processor_ISE/shift_left_2.vhd \
      PB ieee/std_logic_1164 1335251622
AR work/shift_left_2/Behavioral 1672339520 \
      FL D:/vhdl_github_2/cop2/Processor_ISE/shift_left_2.vhd \
      EN work/shift_left_2 1672339519
FL D:/vhdl_github_2/cop2/Processor_ISE/shift_left_module.vhd 2022/12/13.18:26:22 P.15xf
EN work/shift_left_module 1672339503 \
      FL D:/vhdl_github_2/cop2/Processor_ISE/shift_left_module.vhd \
      PB ieee/std_logic_1164 1335251622 PB ieee/NUMERIC_STD 1335251627
AR work/shift_left_module/Behavioral 1672339504 \
      FL D:/vhdl_github_2/cop2/Processor_ISE/shift_left_module.vhd \
      EN work/shift_left_module 1672339503
FL D:/vhdl_github_2/cop2/Processor_ISE/Shift_right_module.vhd 2022/12/16.15:30:38 P.15xf
EN work/Shift_right_module 1672339505 \
      FL D:/vhdl_github_2/cop2/Processor_ISE/Shift_right_module.vhd \
      PB ieee/std_logic_1164 1335251622 PB ieee/NUMERIC_STD 1335251627
AR work/Shift_right_module/Behavioral 1672339506 \
      FL D:/vhdl_github_2/cop2/Processor_ISE/Shift_right_module.vhd \
      EN work/Shift_right_module 1672339505
FL D:/vhdl_github_2/cop2/Processor_ISE/sign_extend.vhd 2022/11/11.06:55:30 P.15xf
EN work/sign_extend 1672339537 \
      FL D:/vhdl_github_2/cop2/Processor_ISE/sign_extend.vhd \
      PB ieee/std_logic_1164 1335251622
AR work/sign_extend/Behavioral 1672339538 \
      FL D:/vhdl_github_2/cop2/Processor_ISE/sign_extend.vhd EN work/sign_extend 1672339537
FL D:/vhdl_github_2/cop2/Processor_ISE/Two_bit_adder.vhd 2022/05/29.12:52:48 P.15xf
EN work/Two_bit_adder 1672339471 \
      FL D:/vhdl_github_2/cop2/Processor_ISE/Two_bit_adder.vhd \
      PB ieee/std_logic_1164 1335251622
AR work/Two_bit_adder/st1 1672339472 \
      FL D:/vhdl_github_2/cop2/Processor_ISE/Two_bit_adder.vhd \
      EN work/Two_bit_adder 1672339471 CP one_bit_adder
FL D:/vhdl_github_2/cop2/Processor_ISE/two_complement.vhd 2022/11/11.09:53:00 P.15xf
EN work/two_complement 1672339481 \
      FL D:/vhdl_github_2/cop2/Processor_ISE/two_complement.vhd \
      PB ieee/std_logic_1164 1335251622 PB ieee/NUMERIC_STD 1335251627 \
      PB ieee/STD_LOGIC_UNSIGNED 1335251625
AR work/two_complement/Behavioral 1672339482 \
      FL D:/vhdl_github_2/cop2/Processor_ISE/two_complement.vhd \
      EN work/two_complement 1672339481
FL D:/vhdl_github_2/cop2/Processor_ISE/xor_bit.vhd 2022/10/29.08:48:24 P.15xf
EN work/xor_bit 1672339501 FL D:/vhdl_github_2/cop2/Processor_ISE/xor_bit.vhd \
      PB ieee/std_logic_1164 1335251622
AR work/xor_bit/Behavioral 1672339502 \
      FL D:/vhdl_github_2/cop2/Processor_ISE/xor_bit.vhd EN work/xor_bit 1672339501
FL D:/vhdl_github_2/cop2/Processor_ISE/zero_m.vhd 2022/12/02.15:39:24 P.15xf
EN work/zero_m 1672339521 FL D:/vhdl_github_2/cop2/Processor_ISE/zero_m.vhd \
      PB ieee/std_logic_1164 1335251622 PB ieee/NUMERIC_STD 1335251627
AR work/zero_m/Behavioral 1672339522 \
      FL D:/vhdl_github_2/cop2/Processor_ISE/zero_m.vhd EN work/zero_m 1672339521
